---
source: crates/neenee/src/tui/question_model.rs
assertion_line: 1138
expression: film
---
=== open (first row highlighted = selected) ===




          Question

          Style
          Which error handling crate?

             anyhow                                    ▼

          ↑↓ navigate · Enter submit · Esc cancel

=== down → highlight 'thiserror' (selected, no marker) ===




          Question

                                                       ▲
             anyhow
               Simple
             thiserror                                 ▼

          ↑↓ navigate · Enter submit · Esc cancel

=== '3' → jump to 'Other' (now the live selection) ===




          Question

               Simple                                  ▲
             thiserror
               Structured
             Other

          ↑↓ navigate · Enter submit · Esc cancel
