---
source: crates/neenee-tui-view/src/render/snapshot_tests.rs
expression: "render_grid(&m, 80, 40)"
---
- Edit a.rs +2 -2
   1  1  fn one() {
   2   -     return 1;
      2+     return 10;
   3  3  }
   4  4
   5  5  fn two() {
   6   -     return 2;
      6+     return 20;
   7  7  }

backgrounds:
A=#070808  B=#111312  C=#201414  D=#402828  E=#121F16  F=#2A4030  .=reset
0: A80
1: B80
2: C20 D2 C58
3: E20 F3 E57
4: B80
5: B80
6: B80
7: C20 D2 C58
8: E20 F3 E57
9: B80
